
printing pattern

msg
oo
other

printing pattern

fw
null
null

printing pattern

msg
3oo
other

printing pattern

fw
ooo
ewoi

printing pattern

3
null
null

Registered handler

1
1039
null
[object Object],[object Object]
null


Done registering handlers



printing pattern2

msg
3oo
other

printing pattern2

fw
ooo
ewoi

Registered handler

2
1039
null
[object Object],[object Object]
null


Done registering handlers



printing pattern2

msg
oo
other

printing pattern2

fw
null
null

Registered handler

3
1039
null
[object Object]
null


Done registering handlers



printing pattern2

3
null
null

printing pattern

msg3
3oo
other

printing pattern

oe
null
ewoifj

Registered handler

4
1039
null
[object Object],[object Object]
null


Done registering handlers



printing pattern2

msg3
3oo
other

printing pattern2

oe
null
ewoifj

printing pattern

msqg
null
o.ther

Registered handler

5
1039
null
[object Object]
null


Done registering handlers



printing pattern2

msqg
null
o.ther

printing pattern

so
null
null

Registered handler

6
1039
null
[object Object]
null


Done registering handlers



printing pattern2

so
null
null

printing pattern2

msg
oo
other

printing pattern2

fw
null
null

printing pattern2

msg
3oo
other

printing pattern2

fw
ooo
ewoi

printing pattern2

3
null
null
